// Vitest Snapshot v1, https://vitest.dev/guide/snapshot.html

exports[`hmr > should inject hmr setup 1`] = `
"
const path = "source.ts";
const hmr = import.meta.hot ? (import.meta.hot.data["@monstermann/meta"] ??= new Set()) : undefined;
if (hmr) import.meta.hot.dispose(() => { for (const cb of hmr) { hmr.delete(cb); cb(); } });
const meta = { path: path, line: 1, name: "example", hmr: hmr };const example = foo(meta)"
`;
